
===== CHECKING f06_quant (v6_0019) with spec =====
[INFO] Spec: makefile_check_phases.yml
[⭕️FAIL] missing required file: 06_calibration_dataset.parquet
[⭕️FAIL] missing required file: 06_model_float.h5
[⭕️FAIL] missing required file: 06_model_tflite.tflite
[OK] exists: 06_quant_report.html
[OK] exists: outputs.yaml
[OK] exists: params.yaml
[OK] exists: metadata.yaml
[SKIP] optional file missing: 06_model_tflite.tflite
[OK] exists: eedu/eedu_manifest.yaml
[OK] not empty: 06_quant_report.html
[OK] not empty: outputs.yaml
[OK] content checks: outputs.yaml
[OK] not empty: params.yaml
[OK] size: params.yaml (> 0B & < 5KB)
[OK] content checks: params.yaml
[OK] not empty: metadata.yaml
[OK] content checks: metadata.yaml
[OK] not empty: eedu/eedu_manifest.yaml
[OK] content checks: eedu/eedu_manifest.yaml

======####@@@@@@@@@@@@####======
❌[ERROR] Validation failed with 3 issue(s)
======####@@@@@@@@@@@@####======

